** Drc report for HD3SS3220-breakout.kicad_pcb **
** Created on 2026-08-05T09:33:28 **
** Report includes: Errors, Exclusions **

** Found 9 DRC violations **
[hole_clearance]: Hole clearance violation (board setup constraints hole clearance 0.2000 mm; actual 0.1442 mm)
    Rule: board setup constraints hole; error
    @(98.3155 mm, 82.1089 mm): PTH pad 1 [<no net>] of J1
    @(98.9355 mm, 82.9589 mm): PTH pad [<no net>] of J1
[hole_clearance]: Hole clearance violation (board setup constraints hole clearance 0.2000 mm; actual 0.1442 mm)
    Rule: board setup constraints hole; error
    @(98.3155 mm, 82.1089 mm): PTH pad 1 [<no net>] of J1
    @(98.9355 mm, 82.9589 mm): PTH pad [<no net>] of J1
[hole_clearance]: Hole clearance violation (board setup constraints hole clearance 0.2000 mm; actual 0.1442 mm)
    Rule: board setup constraints hole; error
    @(98.3155 mm, 82.1089 mm): PTH pad 1 [<no net>] of J1
    @(98.9355 mm, 82.9589 mm): PTH pad [<no net>] of J1
[hole_clearance]: Hole clearance violation (board setup constraints hole clearance 0.2000 mm; actual 0.1442 mm)
    Rule: board setup constraints hole; error
    @(106.3555 mm, 82.1089 mm): PTH pad 2 [<no net>] of J1
    @(105.7355 mm, 82.9589 mm): PTH pad [<no net>] of J1
[hole_clearance]: Hole clearance violation (board setup constraints hole clearance 0.2000 mm; actual 0.1442 mm)
    Rule: board setup constraints hole; error
    @(106.3555 mm, 82.1089 mm): PTH pad 2 [<no net>] of J1
    @(105.7355 mm, 82.9589 mm): PTH pad [<no net>] of J1
[hole_clearance]: Hole clearance violation (board setup constraints hole clearance 0.2000 mm; actual 0.1442 mm)
    Rule: board setup constraints hole; error
    @(106.3555 mm, 82.1089 mm): PTH pad 2 [<no net>] of J1
    @(105.7355 mm, 82.9589 mm): PTH pad [<no net>] of J1
[hole_clearance]: Hole clearance violation (board setup constraints hole clearance 0.2000 mm; actual 0.1442 mm)
    Rule: board setup constraints hole; error (excluded)
    @(98.3155 mm, 82.1089 mm): PTH pad 1 [<no net>] of J1
    @(98.9355 mm, 82.9589 mm): PTH pad [<no net>] of J1
[hole_clearance]: Hole clearance violation (board setup constraints hole clearance 0.2000 mm; actual 0.1432 mm)
    Rule: board setup constraints hole; error (excluded)
    @(99.4555 mm, 82.2889 mm): Pad B12 [GND] of J1 on F.Cu (Signal)
    @(98.9355 mm, 82.9589 mm): PTH pad [<no net>] of J1
[hole_clearance]: Hole clearance violation (board setup constraints hole clearance 0.2000 mm; actual 0.1442 mm)
    Rule: board setup constraints hole; error (excluded)
    @(106.3555 mm, 82.1089 mm): PTH pad 2 [<no net>] of J1
    @(105.7355 mm, 82.9589 mm): PTH pad [<no net>] of J1

** Found 0 unconnected pads **

** Found 0 Footprint errors **

** Ignored checks **
    - Footprint has no courtyard defined
    - Track endpoint not centered on via
    - Tuning profile track geometries
    - Footprint doesn't match symbol's footprint filters
    - PTH inside courtyard
    - NPTH inside courtyard
    - Footprint component type doesn't match footprint pads

** End of Report **
